\BOOKMARK [1][-]{section.1}{\376\377\000I\000n\000t\000r\000o\000d\000u\000c\000t\000i\000o\000n}{}% 1
\BOOKMARK [1][-]{section.2}{\376\377\000P\000r\000e\000l\000i\000m\000i\000n\000a\000r\000i\000e\000s\000\040\000a\000n\000d\000\040\000n\000o\000t\000a\000t\000i\000o\000n}{}% 2
\BOOKMARK [1][-]{section.3}{\376\377\000T\000h\000e\000\040\000g\000e\000n\000e\000r\000a\000l\000i\000z\000e\000d\000\040\000t\000h\000e\000o\000r\000e\000m\000s}{}% 3
\BOOKMARK [1][-]{section.4}{\376\377\000T\000h\000e\000\040\000t\000h\000r\000e\000e\000\040\000n\000e\000w\000\040\000i\000n\000g\000r\000e\000d\000i\000e\000n\000t\000s}{}% 4
\BOOKMARK [2][-]{subsection.4.1}{\376\377\000A\000\040\000n\000o\000r\000m\040\023\000r\000e\000s\000u\000l\000t\000a\000n\000t\000\040\000i\000d\000e\000n\000t\000i\000t\000y\000\040\000f\000o\000r\000\040\000m\000o\000n\000i\000c\000\040\000p\000o\000l\000y\000n\000o\000m\000i\000a\000l\000s}{section.4}% 5
\BOOKMARK [2][-]{subsection.4.2}{\376\377\000O\000r\000d\000e\000r\000-\000i\000n\000v\000a\000r\000i\000a\000n\000c\000e\000\040\000o\000f\000\040\000f\000a\000c\000t\000o\000r\000s\000:\000\040\000L\000e\000m\000m\000a\000\040\0003\000.\0002\000.\0002\000\040\000i\000n\000\040\000a\000m\000b\000i\000e\000n\000t\000\040\000f\000o\000r\000m}{section.4}% 6
\BOOKMARK [2][-]{subsection.4.3}{\376\377\000T\000h\000e\000\040\000r\000a\000d\000i\000c\000a\000l\000\040\000l\000e\000m\000m\000a}{section.4}% 7
\BOOKMARK [1][-]{section.5}{\376\377\000P\000r\000o\000o\000f\000\040\000o\000f\000\040\000t\000h\000e\000\040\000p\000r\000o\000j\000e\000c\000t\000i\000o\000n\000\040\000t\000h\000e\000o\000r\000e\000m\000\040\000f\000r\000o\000m\000\040\000t\000h\000e\000\040\000l\000i\000f\000t\000i\000n\000g\000\040\000t\000h\000e\000o\000r\000e\000m}{}% 8
\BOOKMARK [1][-]{section.6}{\376\377\000P\000r\000o\000o\000f\000\040\000o\000f\000\040\000t\000h\000e\000\040\000l\000i\000f\000t\000i\000n\000g\000\040\000t\000h\000e\000o\000r\000e\000m}{}% 9
\BOOKMARK [2][-]{subsection.6.1}{\376\377\000R\000e\000d\000u\000c\000t\000i\000o\000n\000\040\000t\000o\000\040\000t\000h\000e\000\040\000l\000o\000c\000a\000l\000\040\000s\000t\000a\000t\000e\000m\000e\000n\000t\000s}{section.6}% 10
\BOOKMARK [2][-]{subsection.6.2}{\376\377\000C\000a\000s\000e\000\040\000s\000=\000r\000-\0001\000\040\000\050\000S\000\040\000o\000p\000e\000n\000\051}{section.6}% 11
\BOOKMARK [2][-]{subsection.6.3}{\376\377\000C\000a\000s\000e\000\040\0001\000s\000r\000-\0002\000:\000\040\000c\000o\000o\000r\000d\000i\000n\000a\000t\000e\000\040\000c\000h\000a\000n\000g\000e\000\040\000a\000n\000d\000\040\000t\000r\000a\000n\000s\000p\000o\000r\000t\000\040\000o\000f\000\040\000t\000h\000e\000\040\000w\000i\000t\000n\000e\000s\000s}{section.6}% 12
\BOOKMARK [2][-]{subsection.6.4}{\376\377\000C\000o\000m\000p\000l\000e\000x\000i\000f\000i\000c\000a\000t\000i\000o\000n}{section.6}% 13
\BOOKMARK [2][-]{subsection.6.5}{\376\377\000W\000e\000i\000e\000r\000s\000t\000r\000a\000s\000s\000\040\000p\000r\000e\000p\000a\000r\000a\000t\000i\000o\000n\000\040\000a\000n\000d\000\040\000d\000e\000s\000c\000e\000n\000t\000\040\000o\000f\000\040\000t\000h\000e\000\040\000m\000e\000m\000b\000e\000r\000s\000h\000i\000p}{section.6}% 14
\BOOKMARK [2][-]{subsection.6.6}{\376\377\000T\000h\000e\000\040\000d\000i\000s\000c\000r\000i\000m\000i\000n\000a\000n\000t\000\040\000o\000f\000\040\000h\000\040\000h\000a\000s\000\040\000c\000o\000n\000s\000t\000a\000n\000t\000\040\000o\000r\000d\000e\000r\000\040\000a\000l\000o\000n\000g\000\040\000T\000*}{section.6}% 15
\BOOKMARK [2][-]{subsection.6.7}{\376\377\000A\000p\000p\000l\000i\000c\000a\000t\000i\000o\000n\000\040\000o\000f\000\040\000Z\000a\000r\000i\000s\000k\000i\000'\000s\000\040\000t\000h\000e\000o\000r\000e\000m}{section.6}% 16
\BOOKMARK [2][-]{subsection.6.8}{\376\377\000R\000e\000t\000u\000r\000n\000\040\000t\000o\000\040\000t\000h\000e\000\040\000r\000e\000a\000l\000\040\000d\000o\000m\000a\000i\000n\000\040\000a\000n\000d\000\040\000r\000e\000a\000s\000s\000e\000m\000b\000l\000y}{section.6}% 17
\BOOKMARK [1][-]{section.7}{\376\377\000T\000h\000e\000\040\000Z\000a\000r\000i\000s\000k\000i\000\040\000t\000h\000e\000o\000r\000e\000m\000\040\000\050\000t\000h\000e\000s\000i\000s\000\040\000C\000h\000a\000p\000t\000e\000r\000\040\0004\000\051\000:\000\040\000u\000n\000c\000h\000a\000n\000g\000e\000d}{}% 18
\BOOKMARK [1][-]{section.8}{\376\377\000S\000u\000m\000m\000a\000r\000y\000\040\000o\000f\000\040\000c\000h\000a\000n\000g\000e\000s\000,\000\040\000a\000n\000d\000\040\000t\000h\000e\000\040\000L\000e\000a\000n\000\040\000f\000o\000r\000m\000a\000l\000i\000z\000a\000t\000i\000o\000n}{}% 19
\BOOKMARK [2][-]{subsection.8.1}{\376\377\000W\000h\000a\000t\000\040\000c\000h\000a\000n\000g\000e\000d\000\040\000r\000e\000l\000a\000t\000i\000v\000e\000\040\000t\000o\000\040\000t\000h\000e\000\040\000t\000h\000e\000s\000i\000s}{section.8}% 20
\BOOKMARK [2][-]{subsection.8.2}{\376\377\000T\000h\000e\000\040\000f\000o\000r\000m\000a\000l\000i\000z\000a\000t\000i\000o\000n}{section.8}% 21
